// Jest Snapshot v1, https://goo.gl/fbAQLP

exports[`test <Title/> should match the snapshot 1`] = `
<div>
  <h1
    data-testid="title"
  >
    Rick And Morty
  </h1>
</div>
`;
